============================= test session starts =============================
platform win32 -- Python 3.14.0, pytest-9.0.3, pluggy-1.6.0 -- C:\Python314\python.exe
cachedir: .pytest_cache
rootdir: e:\DragonflyX
configfile: pyproject.toml
plugins: anyio-4.13.0, asyncio-1.4.0, respx-0.23.1
asyncio: mode=Mode.AUTO, debug=False, asyncio_default_fixture_loop_scope=None, asyncio_default_test_loop_scope=function
collecting ... collected 21 items

tests/test_dorks_generator.py::TestDetectTargetType::test_detect_domain FAILED [  4%]
tests/test_dorks_generator.py::TestDetectTargetType::test_detect_subdomain FAILED [  9%]
tests/test_dorks_generator.py::TestDetectTargetType::test_detect_email FAILED [ 14%]
tests/test_dorks_generator.py::TestDetectTargetType::test_detect_generic FAILED [ 19%]
tests/test_dorks_generator.py::TestDorkOutput::test_dork_count_domain FAILED [ 23%]
tests/test_dorks_generator.py::TestDorkOutput::test_dork_urls_are_valid_google_urls FAILED [ 28%]
tests/test_dorks_generator.py::TestDorkOutput::test_domain_dorks_use_site_operator FAILED [ 33%]
tests/test_dorks_generator.py::TestDorkOutput::test_email_special_characters_are_url_encoded FAILED [ 38%]
tests/test_dorks_generator.py::TestDorkOutput::test_empty_target_raises FAILED [ 42%]
tests/test_dorks_generator.py::TestDorkCategories::test_results_grouped_by_category FAILED [ 47%]
tests/test_dorks_generator.py::TestDorkCategories::test_identity_category_present FAILED [ 52%]
tests/test_dorks_generator.py::TestDorkCategories::test_credentials_category_present FAILED [ 57%]
tests/test_dorks_generator.py::TestDorkCategories::test_technical_category_present FAILED [ 61%]
tests/test_dorks_generator.py::TestDorkCategories::test_infrastructure_category_requires_domain FAILED [ 66%]
tests/test_paste_search.py::TestSearchReturnsPasteResults::test_search_returns_paste_results PASSED [ 71%]
tests/test_paste_search.py::TestSearchEmptyResponse::test_search_empty_response_returns_empty_list PASSED [ 76%]
tests/test_paste_search.py::TestSearchErrorHandling::test_search_api_unreachable_returns_empty_list PASSED [ 80%]
tests/test_paste_search.py::TestSearchErrorHandling::test_search_malformed_entries_are_skipped PASSED [ 85%]
tests/test_paste_search.py::TestSanitizeQuery::test_sanitize_query_strips_path_traversal PASSED [ 90%]
tests/test_paste_search.py::TestResultOrdering::test_results_sorted_newest_first PASSED [ 95%]
python : C:\Users\ntri9\AppData\Roaming\Python\Python314\site-packages\_pytest\unraisableexception.py:33: 
RuntimeWarning: coroutine 'generate_dorks' was never awaited
At line:1 char:1
+ python -m pytest e:/DragonflyX/tests/test_dorks_generator.py e:/Drago ...
+ ~~~~~~~~~~~~~~~~~~~~~~~~~~~~~~~~~~~~~~~~~~~~~~~~~~~~~~~~~~~~~~~~~~~~~
    + CategoryInfo          : NotSpecified: (C:\Users\ntri9\...s never awaited:String) [], RemoteException
    + FullyQualifiedErrorId : NativeCommandError
 
  gc.collect()
RuntimeWarning: Enable tracemalloc to get the object allocation traceback
tests/test_paste_search.py::TestPasteResultDataclass::test_paste_result_model_dump PASSED [100%]

================================== FAILURES ===================================
___________________ TestDetectTargetType.test_detect_domain ___________________

self = <tests.test_dorks_generator.TestDetectTargetType object at 0x000001D8B61E7110>

    def test_detect_domain(self) -> None:
        result = generate_dorks("example.com")
>       assert all(isinstance(r, DorkResult) for r in result)
                                                      ^^^^^^
E       TypeError: 'coroutine' object is not iterable

tests\test_dorks_generator.py:19: TypeError
_________________ TestDetectTargetType.test_detect_subdomain __________________

self = <tests.test_dorks_generator.TestDetectTargetType object at 0x000001D8B62E8190>

    def test_detect_subdomain(self) -> None:
        result = generate_dorks("sub.example.com")
>       assert all(isinstance(r, DorkResult) for r in result)
                                                      ^^^^^^
E       TypeError: 'coroutine' object is not iterable

tests\test_dorks_generator.py:23: TypeError
___________________ TestDetectTargetType.test_detect_email ____________________

self = <tests.test_dorks_generator.TestDetectTargetType object at 0x000001D8B61E1F30>

    def test_detect_email(self) -> None:
        result = generate_dorks("admin@example.com")
>       assert all(isinstance(r, DorkResult) for r in result)
                                                      ^^^^^^
E       TypeError: 'coroutine' object is not iterable

tests\test_dorks_generator.py:27: TypeError
__________________ TestDetectTargetType.test_detect_generic ___________________

self = <tests.test_dorks_generator.TestDetectTargetType object at 0x000001D8B61E22C0>

    def test_detect_generic(self) -> None:
        result = generate_dorks("Acme Corporation")
>       assert all(isinstance(r, DorkResult) for r in result)
                                                      ^^^^^^
E       TypeError: 'coroutine' object is not iterable

tests\test_dorks_generator.py:31: TypeError
____________________ TestDorkOutput.test_dork_count_domain ____________________

self = <tests.test_dorks_generator.TestDorkOutput object at 0x000001D8B62E8050>

    def test_dork_count_domain(self) -> None:
        """Domain targets produce at least 10 dork queries."""
        results = generate_dorks("example.com")
>       assert len(results) >= 10
               ^^^^^^^^^^^^
E       TypeError: object of type 'coroutine' has no len()

tests\test_dorks_generator.py:40: TypeError
_____________ TestDorkOutput.test_dork_urls_are_valid_google_urls _____________

self = <tests.test_dorks_generator.TestDorkOutput object at 0x000001D8B62E82D0>

    def test_dork_urls_are_valid_google_urls(self) -> None:
        """All result URLs must be valid Google search URLs."""
        results = generate_dorks("example.com")
>       for dork in results:
                    ^^^^^^^
E       TypeError: 'coroutine' object is not iterable

tests\test_dorks_generator.py:45: TypeError
_____________ TestDorkOutput.test_domain_dorks_use_site_operator ______________

self = <tests.test_dorks_generator.TestDorkOutput object at 0x000001D8B61E1E00>

    def test_domain_dorks_use_site_operator(self) -> None:
        """Domain targets produce at least one site:-scoped dork."""
        results = generate_dorks("example.com")
>       site_queries = [d for d in results if "site:example.com" in d.query]
                                   ^^^^^^^
E       TypeError: 'coroutine' object is not iterable

tests\test_dorks_generator.py:51: TypeError
________ TestDorkOutput.test_email_special_characters_are_url_encoded _________

self = <tests.test_dorks_generator.TestDorkOutput object at 0x000001D8B61E23F0>

    def test_email_special_characters_are_url_encoded(self) -> None:
        """Email @ must appear as %40 in URLs, not raw."""
        results = generate_dorks("test@example.com")
>       for dork in results:
                    ^^^^^^^
E       TypeError: 'coroutine' object is not iterable

tests\test_dorks_generator.py:57: TypeError
___________________ TestDorkOutput.test_empty_target_raises ___________________

self = <tests.test_dorks_generator.TestDorkOutput object at 0x000001D8B61D7E30>

    def test_empty_target_raises(self) -> None:
        """Empty target string raises InvalidInput."""
>       with pytest.raises(InvalidInput):
             ^^^^^^^^^^^^^^^^^^^^^^^^^^^
E       Failed: DID NOT RAISE <class 'dragonflyX.core.exceptions.InvalidInput'>

tests\test_dorks_generator.py:63: Failed
_____________ TestDorkCategories.test_results_grouped_by_category _____________

self = <tests.test_dorks_generator.TestDorkCategories object at 0x000001D8B62E8910>

    def test_results_grouped_by_category(self) -> None:
        """Results must be organized into the four expected categories."""
        results = generate_dorks("example.com")
>       categories = {d.category for d in results}
                                          ^^^^^^^
E       TypeError: 'coroutine' object is not iterable

tests\test_dorks_generator.py:73: TypeError
______________ TestDorkCategories.test_identity_category_present ______________

self = <tests.test_dorks_generator.TestDorkCategories object at 0x000001D8B62E8A50>

    def test_identity_category_present(self) -> None:
        """IDENTITY category must be present for all target types."""
        for target in ["example.com", "admin@example.com", "johndoe", "Acme Corp"]:
            results = generate_dorks(target)
>           categories = {d.category for d in results}
                                              ^^^^^^^
E           TypeError: 'coroutine' object is not iterable

tests\test_dorks_generator.py:86: TypeError
____________ TestDorkCategories.test_credentials_category_present _____________

self = <tests.test_dorks_generator.TestDorkCategories object at 0x000001D8B61E29E0>

    def test_credentials_category_present(self) -> None:
        """CREDENTIALS & LEAKS category must be present for all target types."""
        for target in ["example.com", "admin@example.com", "johndoe", "Acme Corp"]:
            results = generate_dorks(target)
>           categories = {d.category for d in results}
                                              ^^^^^^^
E           TypeError: 'coroutine' object is not iterable

tests\test_dorks_generator.py:93: TypeError
_____________ TestDorkCategories.test_technical_category_present ______________

self = <tests.test_dorks_generator.TestDorkCategories object at 0x000001D8B61E2B10>

    def test_technical_category_present(self) -> None:
        """TECHNICAL EXPOSURE category must be present for all target types."""
        for target in ["example.com", "admin@example.com", "johndoe", "Acme Corp"]:
            results = generate_dorks(target)
>           categories = {d.category for d in results}
                                              ^^^^^^^
E           TypeError: 'coroutine' object is not iterable

tests\test_dorks_generator.py:100: TypeError
_______ TestDorkCategories.test_infrastructure_category_requires_domain _______

self = <tests.test_dorks_generator.TestDorkCategories object at 0x000001D8B62F83B0>

    def test_infrastructure_category_requires_domain(self) -> None:
        """INFRASTRUCTURE category only appears for domain/email targets."""
        # username/generic targets ù no domain to scope
        results_username = generate_dorks("johndoe99")
>       username_categories = {d.category for d in results_username}
                                                   ^^^^^^^^^^^^^^^^
E       TypeError: 'coroutine' object is not iterable

tests\test_dorks_generator.py:107: TypeError
============================== warnings summary ===============================
tests/test_dorks_generator.py::TestDorkOutput::test_empty_target_raises
  e:\DragonflyX\tests\test_dorks_generator.py:64: RuntimeWarning: coroutine 'generate_dorks' was never awaited
    generate_dorks("")
  Enable tracemalloc to get traceback where the object was allocated.
  See https://docs.pytest.org/en/stable/how-to/capture-warnings.html#resource-warnings for more info.

-- Docs: https://docs.pytest.org/en/stable/how-to/capture-warnings.html
=========================== short test summary info ===========================
FAILED tests/test_dorks_generator.py::TestDetectTargetType::test_detect_domain
FAILED tests/test_dorks_generator.py::TestDetectTargetType::test_detect_subdomain
FAILED tests/test_dorks_generator.py::TestDetectTargetType::test_detect_email
FAILED tests/test_dorks_generator.py::TestDetectTargetType::test_detect_generic
FAILED tests/test_dorks_generator.py::TestDorkOutput::test_dork_count_domain
FAILED tests/test_dorks_generator.py::TestDorkOutput::test_dork_urls_are_valid_google_urls
FAILED tests/test_dorks_generator.py::TestDorkOutput::test_domain_dorks_use_site_operator
FAILED tests/test_dorks_generator.py::TestDorkOutput::test_email_special_characters_are_url_encoded
FAILED tests/test_dorks_generator.py::TestDorkOutput::test_empty_target_raises
FAILED tests/test_dorks_generator.py::TestDorkCategories::test_results_grouped_by_category
FAILED tests/test_dorks_generator.py::TestDorkCategories::test_identity_category_present
FAILED tests/test_dorks_generator.py::TestDorkCategories::test_credentials_category_present
FAILED tests/test_dorks_generator.py::TestDorkCategories::test_technical_category_present
FAILED tests/test_dorks_generator.py::TestDorkCategories::test_infrastructure_category_requires_domain
================== 14 failed, 7 passed, 1 warning in 17.75s ===================
